[kishu.com/index.html]
[backblue.gif]
[fade.gif]
[index.html]
[kishu.com/css/normalize.css]
[kishu.com/css/webflow.css]
[kishu.com/css/kishu-finance.webflow.css]
[ajax.googleapis.com/ajax/libs/webfont/1.6.26/webfont.js]
[kishu.com/images/favicon.png]
[kishu.com/images/webclip.png]
[s3.tradingview.com/external-embedding/embed-widget-single-quote.js]
[kishu.com/images/06-small.gif]
[kishu.com/images/Ellipse-1-copy-5.png]
[kishu.com/images/Ellipse-1-copy-6.png]
[kishu.com/whitepaper/KishuInuWhitepaper.pdf]
[kishu.com/images/V1.gif]
[kishu.com/images/bowl2x.png]
[kishu.com/images/dream2x.png]
[kishu.com/images/instant-rewards---background-no-kishu.png]
[kishu.com/images/shining-stars-.png]
[kishu.com/images/02-v1-big.gif]
[kishu.com/images/1.png]
[kishu.com/images/3.png]
[kishu.com/audits/KishuInu-Audit-TechRate.pdf]
[kishu.com/images/frisbee.png]
[kishu.com/images/Shape-4.png]
[kishu.com/images/ki-facer-1.png]
[kishu.com/images/Shape-3.png]
[kishu.com/images/htb-shape-behind-number.png]
[kishu.com/images/eyeglasses-kishu.png]
[kishu.com/images/floating-elements.png]
[kishu.com/images/Ellipse-1-copy-7.png]
[kishu.com/images/Shape-8-copy.png]
[kishu.com/images/purple-paw-2.png]
[kishu.com/images/screnshot.png]
[kishu.com/images/kishu-rocket-alone.png]
[kishu.com/images/kishu-rocket-stars.png]
[kishu.com/images/kishu-rocket-trail.png]
[kishu.com/images/kishu-rocket-smoke.png]
[kishu.com/images/kishu-rocket-space.png]
[kishu.com/images/checkmark-green.svg]
[kishu.com/images/background-shape.png]
[kishu.com/images/08-v2-big.gif]
[kishu.com/images/object12x.png]
[kishu.com/images/object32x.png]
[kishu.com/images/donate-qr-code.png]
[kishu.com/images/09-big.gif]
[kishu.com/images/newsweek-logo-vector2x.png]
[kishu.com/images/sunmasthead2x.png]
[kishu.com/images/GOTH_cover_white2x.png]
[kishu.com/images/MENSBOOK_black2x.png]
[kishu.com/images/Vector-Smart-Object2x.png]
[d3e54v103j8qbb.cloudfront.net/js/jquery-3.5.1.min.dc5e7f18c8e1ad.js]
[kishu.com/js/webflow.js]
[kishu.com/GET.html]
[kishu.com/index.html]
[kishu.com/css/normalize.css]
[kishu.com/css/webflow.css]
[kishu.com/images/kishu-logo-circle.png]
[kishu.com/images/logo-kishu-new-white2x.png]
[kishu.com/images/logo2x.png]
[kishu.com/images/hero-background-shapes.png]
[kishu.com/images/arrow-down.svg]
[kishu.com/images/bg2x.png]
[kishu.com/images/white-copy2x.png]
[kishu.com/images/bg2x_1.png]
[kishu.com/images/logo-kishu-new-white2x-1.png]
[kishu.com/fonts/POPPINS-LIGHT.TTF]
[kishu.com/fonts/POPPINS-BLACK.TTF]
[kishu.com/fonts/POPPINS-BOLD.TTF]
[kishu.com/fonts/POPPINS-EXTRABOLD.TTF]
[kishu.com/fonts/POPPINS-EXTRALIGHTITALIC.TTF]
[kishu.com/fonts/POPPINS-EXTRALIGHT.TTF]
[kishu.com/fonts/POPPINS-BLACKITALIC.TTF]
[kishu.com/fonts/POPPINS-BOLDITALIC.TTF]
[kishu.com/fonts/POPPINS-EXTRABOLDITALIC.TTF]
[kishu.com/fonts/POPPINS-LIGHTITALIC.TTF]
[kishu.com/fonts/POPPINS-ITALIC.TTF]
[kishu.com/fonts/POPPINS-MEDIUM.TTF]
[kishu.com/fonts/POPPINS-SEMIBOLDITALIC.TTF]
[kishu.com/fonts/POPPINS-REGULAR.TTF]
[kishu.com/fonts/POPPINS-MEDIUMITALIC.TTF]
[kishu.com/fonts/POPPINS-SEMIBOLD.TTF]
[kishu.com/fonts/POPPINS-THIN.TTF]
[kishu.com/fonts/POPPINS-THINITALIC.TTF]
[kishu.com/fonts/fa-regular-400.ttf]
[kishu.com/fonts/fontawesome-webfont.ttf]
[kishu.com/css/kishu-finance.webflow.css]
[kishu.com/images/checkmark-green.svg]
[kishu.com/fonts/fa-brands-400.ttf]
[kishu.com/fonts/fa-solid-900.ttf]
[kishu.com/GET.html]
[kishu.com/images/arrow-down.svg]
